---
source: tests/test_snapshots.rs
assertion_line: 120
expression: normalized
---
✓ symlink created - ~/.vimrc → [REPO]/base/home/.vimrc
✓ directory created - ~/
  [dry-run] ✓ ~/.vimrc (base)
  [dry-run] ────────────────────────────────────────
  [dry-run] 1 would be applied, 0 override, 0 skipped (unchanged)
  [dry-run] no changes made
