---
source: tests/test_snapshots.rs
assertion_line: 120
expression: normalized
---
✓ symlink created - ~/.vimrc → [REPO]/testbox/home/.vimrc
✓ directory created - ~/
  [dry-run] ✓ ~/.vimrc (testbox)
  [dry-run]   (overrides base)
  [dry-run] ────────────────────────────────────────
  [dry-run] 1 would be applied, 1 override, 0 skipped (unchanged)
  [dry-run] no changes made
